Overriding: seed = 2
Overriding: out_dir = ../../runs/seed-sweep/seed-2
Overriding: data_root = ../../data
tokens per iteration will be: 16,384
/Users/romello/code/sup-computer/projects/shakespeare/models/shakespeare-nanogpt-3/train.py:120: UserWarning: In MPS autocast, but the target dtype is not supported. Disabling autocast.
MPS Autocast only supports dtypes of torch.bfloat16, torch.float16 currently.
  ctx = nullcontext() if device_type == 'cpu' else torch.amp.autocast(device_type=device_type, dtype=ptdtype)
found vocab_size = 1024 (inside ../../data/shakespeare_xl_bpe1k/meta.pkl)
Initializing a new model from scratch
number of parameters: 11.02M
num decayed tensors: 25, non-decayed: 13
using fused AdamW: False
step 0: train loss 6.9726, val loss 6.9668
iter 0: loss 6.9755, time 103197.35ms, mfu -100.00%
iter 10: loss 6.2169, time 755.38ms, mfu 0.51%
iter 20: loss 5.8813, time 763.97ms, mfu 0.51%
iter 30: loss 5.6020, time 746.15ms, mfu 0.51%
iter 40: loss 5.2627, time 765.96ms, mfu 0.51%
iter 50: loss 4.8970, time 750.19ms, mfu 0.51%
iter 60: loss 4.6574, time 806.04ms, mfu 0.51%
iter 70: loss 4.4820, time 754.76ms, mfu 0.51%
iter 80: loss 4.3873, time 770.68ms, mfu 0.50%
iter 90: loss 4.2003, time 859.72ms, mfu 0.50%
iter 100: loss 4.1486, time 1213.78ms, mfu 0.48%
iter 110: loss 4.0329, time 1072.38ms, mfu 0.47%
iter 120: loss 4.0280, time 1465.40ms, mfu 0.45%
iter 130: loss 3.9197, time 1326.89ms, mfu 0.43%
iter 140: loss 3.8731, time 1431.89ms, mfu 0.42%
iter 150: loss 3.8392, time 1283.17ms, mfu 0.40%
iter 160: loss 3.8220, time 1508.33ms, mfu 0.39%
iter 170: loss 3.7815, time 1374.85ms, mfu 0.38%
iter 180: loss 3.7089, time 1584.59ms, mfu 0.36%
iter 190: loss 3.6524, time 1142.77ms, mfu 0.36%
iter 200: loss 3.6632, time 1436.98ms, mfu 0.35%
iter 210: loss 3.5728, time 1203.49ms, mfu 0.35%
iter 220: loss 3.5654, time 1018.93ms, mfu 0.35%
iter 230: loss 3.5821, time 857.56ms, mfu 0.36%
iter 240: loss 3.5406, time 893.48ms, mfu 0.37%
iter 250: loss 3.5016, time 853.28ms, mfu 0.38%
iter 260: loss 3.5262, time 1493.84ms, mfu 0.36%
iter 270: loss 3.4771, time 855.66ms, mfu 0.37%
iter 280: loss 3.4585, time 808.44ms, mfu 0.38%
iter 290: loss 3.3834, time 806.21ms, mfu 0.39%
iter 300: loss 3.3687, time 1312.11ms, mfu 0.38%
iter 310: loss 3.3996, time 1496.62ms, mfu 0.37%
iter 320: loss 3.2720, time 1306.78ms, mfu 0.36%
iter 330: loss 3.3592, time 804.84ms, mfu 0.37%
iter 340: loss 3.3422, time 1033.53ms, mfu 0.37%
iter 350: loss 3.2068, time 840.04ms, mfu 0.38%
iter 360: loss 3.3310, time 1116.09ms, mfu 0.38%
iter 370: loss 3.2639, time 1129.29ms, mfu 0.37%
iter 380: loss 3.2622, time 852.85ms, mfu 0.38%
iter 390: loss 3.2588, time 862.03ms, mfu 0.39%
iter 400: loss 3.2472, time 821.24ms, mfu 0.40%
iter 410: loss 3.2413, time 869.92ms, mfu 0.40%
iter 420: loss 3.2703, time 878.18ms, mfu 0.40%
iter 430: loss 3.1515, time 793.18ms, mfu 0.41%
iter 440: loss 3.1686, time 1238.74ms, mfu 0.40%
iter 450: loss 3.1596, time 1462.53ms, mfu 0.39%
iter 460: loss 3.1508, time 820.12ms, mfu 0.40%
iter 470: loss 3.1426, time 801.69ms, mfu 0.40%
iter 480: loss 3.0227, time 1130.94ms, mfu 0.40%
iter 490: loss 3.0393, time 1137.80ms, mfu 0.39%
step 500: train loss 2.9837, val loss 3.6179
saving checkpoint to ../../runs/seed-sweep/seed-2
iter 500: loss 3.1268, time 147387.81ms, mfu 0.35%
iter 510: loss 3.0721, time 984.88ms, mfu 0.36%
iter 520: loss 3.1080, time 814.51ms, mfu 0.37%
iter 530: loss 3.0696, time 835.20ms, mfu 0.38%
iter 540: loss 3.0858, time 800.05ms, mfu 0.39%
iter 550: loss 3.0624, time 846.35ms, mfu 0.39%
iter 560: loss 3.0632, time 796.88ms, mfu 0.40%
iter 570: loss 2.9736, time 1103.02ms, mfu 0.40%
iter 580: loss 3.0228, time 1441.05ms, mfu 0.38%
iter 590: loss 3.0581, time 1634.51ms, mfu 0.37%
iter 600: loss 3.0354, time 1382.48ms, mfu 0.36%
iter 610: loss 2.9997, time 1391.54ms, mfu 0.35%
iter 620: loss 3.0411, time 1208.01ms, mfu 0.35%
iter 630: loss 2.9999, time 1382.65ms, mfu 0.34%
iter 640: loss 2.9328, time 800.60ms, mfu 0.36%
iter 650: loss 2.9795, time 825.29ms, mfu 0.37%
iter 660: loss 2.9370, time 1131.04ms, mfu 0.36%
iter 670: loss 2.9995, time 1307.45ms, mfu 0.36%
iter 680: loss 2.9238, time 1178.04ms, mfu 0.35%
iter 690: loss 2.9868, time 863.31ms, mfu 0.36%
iter 700: loss 2.9578, time 820.29ms, mfu 0.37%
iter 710: loss 2.9517, time 982.01ms, mfu 0.38%
iter 720: loss 2.9567, time 1120.83ms, mfu 0.37%
iter 730: loss 2.9168, time 937.81ms, mfu 0.38%
iter 740: loss 2.8508, time 797.37ms, mfu 0.39%
iter 750: loss 2.9087, time 885.89ms, mfu 0.39%
iter 760: loss 2.8857, time 872.53ms, mfu 0.40%
iter 770: loss 2.9009, time 805.87ms, mfu 0.40%
iter 780: loss 2.8867, time 818.00ms, mfu 0.41%
iter 790: loss 2.8656, time 814.23ms, mfu 0.42%
iter 800: loss 2.8006, time 791.37ms, mfu 0.42%
iter 810: loss 2.8153, time 1136.85ms, mfu 0.42%
iter 820: loss 2.8883, time 1177.21ms, mfu 0.41%
iter 830: loss 2.8002, time 1090.29ms, mfu 0.40%
iter 840: loss 2.8238, time 1328.14ms, mfu 0.39%
iter 850: loss 2.9136, time 846.46ms, mfu 0.40%
iter 860: loss 2.8482, time 811.96ms, mfu 0.40%
iter 870: loss 2.8287, time 1265.39ms, mfu 0.39%
iter 880: loss 2.8249, time 806.93ms, mfu 0.40%
iter 890: loss 2.8375, time 1382.27ms, mfu 0.39%
iter 900: loss 2.8182, time 1110.92ms, mfu 0.39%
iter 910: loss 2.8067, time 814.84ms, mfu 0.39%
iter 920: loss 2.8307, time 842.83ms, mfu 0.40%
iter 930: loss 2.8599, time 795.03ms, mfu 0.41%
iter 940: loss 2.7452, time 877.44ms, mfu 0.41%
iter 950: loss 2.8443, time 1256.36ms, mfu 0.40%
iter 960: loss 2.7860, time 814.30ms, mfu 0.41%
iter 970: loss 2.7712, time 836.66ms, mfu 0.41%
iter 980: loss 2.7403, time 863.19ms, mfu 0.42%
iter 990: loss 2.6674, time 845.23ms, mfu 0.42%
step 1000: train loss 2.6521, val loss 3.3748
saving checkpoint to ../../runs/seed-sweep/seed-2
iter 1000: loss 2.8109, time 123588.57ms, mfu 0.38%
iter 1010: loss 2.8195, time 735.11ms, mfu 0.39%
iter 1020: loss 2.7758, time 732.44ms, mfu 0.41%
iter 1030: loss 2.8058, time 730.16ms, mfu 0.42%
iter 1040: loss 2.7343, time 734.28ms, mfu 0.43%
iter 1050: loss 2.7706, time 726.76ms, mfu 0.44%
iter 1060: loss 2.7052, time 733.12ms, mfu 0.45%
iter 1070: loss 2.7321, time 733.33ms, mfu 0.45%
iter 1080: loss 2.7815, time 727.62ms, mfu 0.46%
iter 1090: loss 2.8387, time 730.88ms, mfu 0.47%
iter 1100: loss 2.8272, time 736.04ms, mfu 0.47%
iter 1110: loss 2.7565, time 727.64ms, mfu 0.48%
iter 1120: loss 2.7345, time 725.10ms, mfu 0.48%
iter 1130: loss 2.7506, time 735.31ms, mfu 0.49%
iter 1140: loss 2.6924, time 727.37ms, mfu 0.49%
iter 1150: loss 2.7939, time 733.58ms, mfu 0.50%
iter 1160: loss 2.6755, time 731.45ms, mfu 0.50%
iter 1170: loss 2.7345, time 898.19ms, mfu 0.49%
iter 1180: loss 2.7061, time 754.13ms, mfu 0.49%
iter 1190: loss 2.6831, time 733.63ms, mfu 0.50%
iter 1200: loss 2.6706, time 728.06ms, mfu 0.50%
iter 1210: loss 2.7387, time 733.92ms, mfu 0.50%
iter 1220: loss 2.6949, time 730.19ms, mfu 0.50%
iter 1230: loss 2.7493, time 728.52ms, mfu 0.51%
iter 1240: loss 2.6744, time 734.28ms, mfu 0.51%
iter 1250: loss 2.6963, time 728.75ms, mfu 0.51%
iter 1260: loss 2.7347, time 733.75ms, mfu 0.51%
iter 1270: loss 2.6708, time 733.73ms, mfu 0.51%
iter 1280: loss 2.7129, time 741.45ms, mfu 0.51%
iter 1290: loss 2.6626, time 738.89ms, mfu 0.51%
iter 1300: loss 2.6852, time 729.00ms, mfu 0.52%
iter 1310: loss 2.6945, time 725.43ms, mfu 0.52%
iter 1320: loss 2.6569, time 739.65ms, mfu 0.52%
iter 1330: loss 2.7286, time 733.17ms, mfu 0.52%
iter 1340: loss 2.6906, time 729.27ms, mfu 0.52%
iter 1350: loss 2.6398, time 805.29ms, mfu 0.51%
iter 1360: loss 2.7003, time 772.24ms, mfu 0.51%
iter 1370: loss 2.6096, time 737.73ms, mfu 0.51%
iter 1380: loss 2.5916, time 728.08ms, mfu 0.51%
iter 1390: loss 2.6343, time 767.42ms, mfu 0.51%
iter 1400: loss 2.7122, time 739.51ms, mfu 0.51%
iter 1410: loss 2.6971, time 753.54ms, mfu 0.51%
iter 1420: loss 2.6337, time 729.75ms, mfu 0.51%
iter 1430: loss 2.6549, time 721.40ms, mfu 0.52%
iter 1440: loss 2.6443, time 751.96ms, mfu 0.52%
iter 1450: loss 2.6034, time 739.68ms, mfu 0.52%
iter 1460: loss 2.5706, time 732.53ms, mfu 0.52%
iter 1470: loss 2.6795, time 728.32ms, mfu 0.52%
iter 1480: loss 2.7099, time 725.24ms, mfu 0.52%
iter 1490: loss 2.6014, time 733.20ms, mfu 0.52%
step 1500: train loss 2.4897, val loss 3.2859
saving checkpoint to ../../runs/seed-sweep/seed-2
iter 1500: loss 2.6728, time 92117.55ms, mfu 0.47%
iter 1510: loss 2.6458, time 788.72ms, mfu 0.47%
iter 1520: loss 2.5732, time 754.54ms, mfu 0.47%
iter 1530: loss 2.6855, time 764.57ms, mfu 0.48%
iter 1540: loss 2.5883, time 768.16ms, mfu 0.48%
iter 1550: loss 2.6737, time 736.53ms, mfu 0.48%
iter 1560: loss 2.6030, time 729.88ms, mfu 0.49%
iter 1570: loss 2.6070, time 732.07ms, mfu 0.49%
iter 1580: loss 2.6398, time 734.26ms, mfu 0.49%
iter 1590: loss 2.6443, time 740.05ms, mfu 0.50%
iter 1600: loss 2.6043, time 745.12ms, mfu 0.50%
iter 1610: loss 2.5424, time 723.72ms, mfu 0.50%
iter 1620: loss 2.5662, time 738.16ms, mfu 0.50%
iter 1630: loss 2.6112, time 720.70ms, mfu 0.51%
iter 1640: loss 2.5926, time 735.52ms, mfu 0.51%
iter 1650: loss 2.6254, time 768.38ms, mfu 0.51%
iter 1660: loss 2.5472, time 732.06ms, mfu 0.51%
iter 1670: loss 2.5442, time 726.63ms, mfu 0.51%
iter 1680: loss 2.6890, time 731.65ms, mfu 0.51%
iter 1690: loss 2.6050, time 723.19ms, mfu 0.51%
iter 1700: loss 2.6438, time 723.83ms, mfu 0.52%
iter 1710: loss 2.5754, time 732.50ms, mfu 0.52%
iter 1720: loss 2.5805, time 733.51ms, mfu 0.52%
iter 1730: loss 2.5110, time 739.73ms, mfu 0.52%
iter 1740: loss 2.5959, time 721.46ms, mfu 0.52%
iter 1750: loss 2.5288, time 734.17ms, mfu 0.52%
iter 1760: loss 2.6347, time 726.77ms, mfu 0.52%
iter 1770: loss 2.5797, time 759.52ms, mfu 0.52%
iter 1780: loss 2.5605, time 739.66ms, mfu 0.52%
iter 1790: loss 2.5518, time 728.76ms, mfu 0.52%
iter 1800: loss 2.6153, time 724.52ms, mfu 0.52%
iter 1810: loss 2.5539, time 732.52ms, mfu 0.52%
iter 1820: loss 2.5914, time 749.66ms, mfu 0.52%
iter 1830: loss 2.5494, time 733.05ms, mfu 0.52%
iter 1840: loss 2.5686, time 734.85ms, mfu 0.52%
iter 1850: loss 2.5680, time 729.57ms, mfu 0.52%
iter 1860: loss 2.4401, time 739.88ms, mfu 0.52%
iter 1870: loss 2.5366, time 730.70ms, mfu 0.52%
iter 1880: loss 2.5645, time 727.23ms, mfu 0.52%
iter 1890: loss 2.6073, time 729.51ms, mfu 0.52%
iter 1900: loss 2.5347, time 740.61ms, mfu 0.52%
iter 1910: loss 2.5565, time 732.04ms, mfu 0.52%
iter 1920: loss 2.5567, time 730.00ms, mfu 0.52%
iter 1930: loss 2.5541, time 729.15ms, mfu 0.52%
iter 1940: loss 2.5066, time 731.50ms, mfu 0.52%
iter 1950: loss 2.5935, time 732.57ms, mfu 0.52%
iter 1960: loss 2.6444, time 730.08ms, mfu 0.52%
iter 1970: loss 2.5760, time 741.72ms, mfu 0.52%
iter 1980: loss 2.5380, time 742.48ms, mfu 0.52%
iter 1990: loss 2.5718, time 725.72ms, mfu 0.52%
step 2000: train loss 2.4151, val loss 3.2222
saving checkpoint to ../../runs/seed-sweep/seed-2
iter 2000: loss 2.6306, time 91846.69ms, mfu 0.47%
