Overriding: seed = 5
Overriding: out_dir = ../../runs/seed-sweep/seed-5
Overriding: data_root = ../../data
tokens per iteration will be: 16,384
/Users/romello/code/sup-computer/projects/shakespeare/models/shakespeare-nanogpt-3/train.py:120: UserWarning: In MPS autocast, but the target dtype is not supported. Disabling autocast.
MPS Autocast only supports dtypes of torch.bfloat16, torch.float16 currently.
  ctx = nullcontext() if device_type == 'cpu' else torch.amp.autocast(device_type=device_type, dtype=ptdtype)
found vocab_size = 1024 (inside ../../data/shakespeare_xl_bpe1k/meta.pkl)
Initializing a new model from scratch
number of parameters: 11.02M
num decayed tensors: 25, non-decayed: 13
using fused AdamW: False
step 0: train loss 6.9678, val loss 6.9687
iter 0: loss 6.9758, time 97793.96ms, mfu -100.00%
iter 10: loss 6.2492, time 770.87ms, mfu 0.50%
iter 20: loss 5.8913, time 798.02ms, mfu 0.50%
iter 30: loss 5.6123, time 834.21ms, mfu 0.49%
iter 40: loss 5.2537, time 756.00ms, mfu 0.49%
iter 50: loss 4.9237, time 793.90ms, mfu 0.49%
iter 60: loss 4.6623, time 807.82ms, mfu 0.49%
iter 70: loss 4.4897, time 767.19ms, mfu 0.49%
iter 80: loss 4.3303, time 868.46ms, mfu 0.49%
iter 90: loss 4.1938, time 863.88ms, mfu 0.48%
iter 100: loss 4.1532, time 772.45ms, mfu 0.48%
iter 110: loss 4.1055, time 803.70ms, mfu 0.48%
iter 120: loss 3.9982, time 732.54ms, mfu 0.49%
iter 130: loss 3.9342, time 777.04ms, mfu 0.49%
iter 140: loss 3.8914, time 781.37ms, mfu 0.49%
iter 150: loss 3.8620, time 809.46ms, mfu 0.49%
iter 160: loss 3.8474, time 736.12ms, mfu 0.49%
iter 170: loss 3.8000, time 761.67ms, mfu 0.49%
iter 180: loss 3.7798, time 794.19ms, mfu 0.49%
iter 190: loss 3.7204, time 754.80ms, mfu 0.49%
iter 200: loss 3.6236, time 747.62ms, mfu 0.50%
iter 210: loss 3.5984, time 779.97ms, mfu 0.50%
iter 220: loss 3.6509, time 757.85ms, mfu 0.50%
iter 230: loss 3.6301, time 759.48ms, mfu 0.50%
iter 240: loss 3.4666, time 783.38ms, mfu 0.50%
iter 250: loss 3.5802, time 792.57ms, mfu 0.50%
iter 260: loss 3.5302, time 804.43ms, mfu 0.49%
iter 270: loss 3.4967, time 755.81ms, mfu 0.50%
iter 280: loss 3.5221, time 814.73ms, mfu 0.49%
iter 290: loss 3.3967, time 804.07ms, mfu 0.49%
iter 300: loss 3.4749, time 789.03ms, mfu 0.49%
iter 310: loss 3.3958, time 763.84ms, mfu 0.49%
iter 320: loss 3.4674, time 781.99ms, mfu 0.49%
iter 330: loss 3.3295, time 787.06ms, mfu 0.49%
iter 340: loss 3.3254, time 811.69ms, mfu 0.49%
iter 350: loss 3.2875, time 758.42ms, mfu 0.49%
iter 360: loss 3.3067, time 792.95ms, mfu 0.49%
iter 370: loss 3.3339, time 826.61ms, mfu 0.49%
iter 380: loss 3.3093, time 807.23ms, mfu 0.49%
iter 390: loss 3.2381, time 756.96ms, mfu 0.49%
iter 400: loss 3.2651, time 776.07ms, mfu 0.49%
iter 410: loss 3.1667, time 750.61ms, mfu 0.49%
iter 420: loss 3.2785, time 776.77ms, mfu 0.49%
iter 430: loss 3.1746, time 761.86ms, mfu 0.49%
iter 440: loss 3.2336, time 791.45ms, mfu 0.49%
iter 450: loss 3.2210, time 751.40ms, mfu 0.49%
iter 460: loss 3.1409, time 777.76ms, mfu 0.49%
iter 470: loss 3.2076, time 833.79ms, mfu 0.49%
iter 480: loss 3.2305, time 831.81ms, mfu 0.49%
iter 490: loss 3.1547, time 775.46ms, mfu 0.49%
step 500: train loss 2.9976, val loss 3.6414
saving checkpoint to ../../runs/seed-sweep/seed-5
iter 500: loss 3.1559, time 97669.22ms, mfu 0.44%
iter 510: loss 3.0134, time 760.00ms, mfu 0.45%
iter 520: loss 3.0611, time 782.49ms, mfu 0.45%
iter 530: loss 3.1487, time 759.86ms, mfu 0.46%
iter 540: loss 3.0857, time 788.44ms, mfu 0.46%
iter 550: loss 2.9915, time 786.87ms, mfu 0.46%
iter 560: loss 3.1538, time 739.57ms, mfu 0.47%
iter 570: loss 3.0638, time 791.13ms, mfu 0.47%
iter 580: loss 3.0179, time 744.62ms, mfu 0.47%
iter 590: loss 3.0010, time 786.13ms, mfu 0.48%
iter 600: loss 3.0622, time 757.06ms, mfu 0.48%
iter 610: loss 3.0163, time 784.63ms, mfu 0.48%
iter 620: loss 2.9742, time 781.11ms, mfu 0.48%
iter 630: loss 3.0605, time 753.75ms, mfu 0.48%
iter 640: loss 2.9275, time 806.43ms, mfu 0.48%
iter 650: loss 2.9681, time 766.49ms, mfu 0.49%
iter 660: loss 2.9336, time 812.10ms, mfu 0.48%
iter 670: loss 2.9758, time 798.95ms, mfu 0.48%
iter 680: loss 3.0227, time 807.28ms, mfu 0.48%
iter 690: loss 2.9536, time 764.42ms, mfu 0.48%
iter 700: loss 2.9235, time 808.65ms, mfu 0.48%
iter 710: loss 2.9317, time 810.05ms, mfu 0.48%
iter 720: loss 2.9968, time 800.31ms, mfu 0.48%
iter 730: loss 3.0086, time 747.75ms, mfu 0.49%
iter 740: loss 2.9039, time 776.04ms, mfu 0.49%
iter 750: loss 2.8683, time 832.84ms, mfu 0.48%
iter 760: loss 2.8598, time 745.85ms, mfu 0.49%
iter 770: loss 2.9473, time 734.73ms, mfu 0.49%
iter 780: loss 2.9226, time 769.17ms, mfu 0.49%
iter 790: loss 2.9092, time 763.02ms, mfu 0.49%
iter 800: loss 2.9522, time 781.57ms, mfu 0.49%
iter 810: loss 2.8504, time 776.77ms, mfu 0.49%
iter 820: loss 2.8763, time 773.34ms, mfu 0.49%
iter 830: loss 2.8741, time 757.74ms, mfu 0.49%
iter 840: loss 2.8574, time 783.85ms, mfu 0.49%
iter 850: loss 2.8740, time 818.34ms, mfu 0.49%
iter 860: loss 2.8525, time 762.40ms, mfu 0.49%
iter 870: loss 2.8186, time 805.15ms, mfu 0.49%
iter 880: loss 2.7798, time 753.51ms, mfu 0.49%
iter 890: loss 2.8129, time 790.55ms, mfu 0.49%
iter 900: loss 2.8973, time 763.78ms, mfu 0.49%
iter 910: loss 2.7885, time 768.63ms, mfu 0.49%
iter 920: loss 2.8446, time 792.04ms, mfu 0.49%
iter 930: loss 2.8045, time 813.69ms, mfu 0.49%
iter 940: loss 2.7665, time 788.98ms, mfu 0.49%
iter 950: loss 2.8441, time 797.35ms, mfu 0.49%
iter 960: loss 2.8054, time 758.09ms, mfu 0.49%
iter 970: loss 2.7434, time 793.09ms, mfu 0.49%
iter 980: loss 2.8281, time 765.93ms, mfu 0.49%
iter 990: loss 2.8227, time 816.10ms, mfu 0.49%
step 1000: train loss 2.6577, val loss 3.3694
saving checkpoint to ../../runs/seed-sweep/seed-5
iter 1000: loss 2.7913, time 98808.35ms, mfu 0.44%
iter 1010: loss 2.8545, time 743.44ms, mfu 0.45%
iter 1020: loss 2.8558, time 863.93ms, mfu 0.45%
iter 1030: loss 2.8018, time 794.93ms, mfu 0.45%
iter 1040: loss 2.8022, time 773.11ms, mfu 0.46%
iter 1050: loss 2.7026, time 757.83ms, mfu 0.46%
iter 1060: loss 2.7757, time 765.71ms, mfu 0.47%
iter 1070: loss 2.8667, time 773.00ms, mfu 0.47%
iter 1080: loss 2.7915, time 774.65ms, mfu 0.47%
iter 1090: loss 2.7094, time 788.31ms, mfu 0.47%
iter 1100: loss 2.7508, time 797.65ms, mfu 0.47%
iter 1110: loss 2.7536, time 763.81ms, mfu 0.48%
iter 1120: loss 2.7471, time 764.92ms, mfu 0.48%
iter 1130: loss 2.8437, time 754.47ms, mfu 0.48%
iter 1140: loss 2.7785, time 807.19ms, mfu 0.48%
iter 1150: loss 2.6870, time 784.47ms, mfu 0.48%
iter 1160: loss 2.7133, time 778.15ms, mfu 0.48%
iter 1170: loss 2.7803, time 743.43ms, mfu 0.49%
iter 1180: loss 2.6572, time 807.52ms, mfu 0.49%
iter 1190: loss 2.6971, time 748.18ms, mfu 0.49%
iter 1200: loss 2.7645, time 742.44ms, mfu 0.49%
iter 1210: loss 2.6869, time 749.50ms, mfu 0.49%
iter 1220: loss 2.7034, time 777.30ms, mfu 0.49%
iter 1230: loss 2.7618, time 781.03ms, mfu 0.49%
iter 1240: loss 2.7004, time 733.22ms, mfu 0.50%
iter 1250: loss 2.7363, time 739.46ms, mfu 0.50%
iter 1260: loss 2.7086, time 797.70ms, mfu 0.50%
iter 1270: loss 2.6901, time 762.41ms, mfu 0.50%
iter 1280: loss 2.7350, time 815.91ms, mfu 0.50%
iter 1290: loss 2.6614, time 765.60ms, mfu 0.50%
iter 1300: loss 2.7115, time 790.10ms, mfu 0.49%
iter 1310: loss 2.7180, time 830.21ms, mfu 0.49%
iter 1320: loss 2.5749, time 758.49ms, mfu 0.49%
iter 1330: loss 2.6538, time 755.89ms, mfu 0.49%
iter 1340: loss 2.6494, time 777.91ms, mfu 0.49%
iter 1350: loss 2.7076, time 766.44ms, mfu 0.50%
iter 1360: loss 2.6419, time 796.16ms, mfu 0.49%
iter 1370: loss 2.6858, time 800.10ms, mfu 0.49%
iter 1380: loss 2.5889, time 742.54ms, mfu 0.50%
iter 1390: loss 2.7048, time 765.35ms, mfu 0.50%
iter 1400: loss 2.6025, time 762.82ms, mfu 0.50%
iter 1410: loss 2.5730, time 466.79ms, mfu 0.53%
iter 1420: loss 2.6401, time 450.99ms, mfu 0.56%
iter 1430: loss 2.6106, time 446.55ms, mfu 0.59%
iter 1440: loss 2.6270, time 444.24ms, mfu 0.62%
iter 1450: loss 2.6946, time 444.78ms, mfu 0.64%
iter 1460: loss 2.6862, time 447.37ms, mfu 0.66%
iter 1470: loss 2.5685, time 447.51ms, mfu 0.68%
iter 1480: loss 2.7052, time 447.43ms, mfu 0.70%
iter 1490: loss 2.6017, time 448.11ms, mfu 0.72%
step 1500: train loss 2.4931, val loss 3.2832
saving checkpoint to ../../runs/seed-sweep/seed-5
iter 1500: loss 2.6288, time 55841.72ms, mfu 0.65%
iter 1510: loss 2.6132, time 445.04ms, mfu 0.67%
iter 1520: loss 2.6774, time 445.64ms, mfu 0.69%
iter 1530: loss 2.6609, time 445.59ms, mfu 0.70%
iter 1540: loss 2.5702, time 445.42ms, mfu 0.72%
iter 1550: loss 2.5841, time 445.66ms, mfu 0.73%
iter 1560: loss 2.6259, time 445.96ms, mfu 0.75%
iter 1570: loss 2.6167, time 444.50ms, mfu 0.76%
iter 1580: loss 2.6064, time 446.65ms, mfu 0.77%
iter 1590: loss 2.5049, time 447.30ms, mfu 0.78%
iter 1600: loss 2.6239, time 445.92ms, mfu 0.79%
iter 1610: loss 2.5423, time 444.83ms, mfu 0.79%
iter 1620: loss 2.6456, time 445.24ms, mfu 0.80%
iter 1630: loss 2.6169, time 444.23ms, mfu 0.81%
iter 1640: loss 2.6203, time 445.95ms, mfu 0.81%
iter 1650: loss 2.5836, time 446.18ms, mfu 0.82%
iter 1660: loss 2.5629, time 446.59ms, mfu 0.82%
iter 1670: loss 2.5675, time 448.21ms, mfu 0.83%
iter 1680: loss 2.6719, time 448.04ms, mfu 0.83%
iter 1690: loss 2.6092, time 444.35ms, mfu 0.83%
iter 1700: loss 2.6125, time 447.32ms, mfu 0.83%
iter 1710: loss 2.6364, time 445.14ms, mfu 0.84%
iter 1720: loss 2.5951, time 446.21ms, mfu 0.84%
iter 1730: loss 2.6013, time 447.37ms, mfu 0.84%
iter 1740: loss 2.5630, time 445.95ms, mfu 0.84%
iter 1750: loss 2.6172, time 444.50ms, mfu 0.85%
iter 1760: loss 2.6448, time 447.07ms, mfu 0.85%
iter 1770: loss 2.5017, time 448.02ms, mfu 0.85%
iter 1780: loss 2.5970, time 445.32ms, mfu 0.85%
iter 1790: loss 2.5567, time 447.00ms, mfu 0.85%
iter 1800: loss 2.6201, time 445.46ms, mfu 0.85%
iter 1810: loss 2.6872, time 444.46ms, mfu 0.85%
iter 1820: loss 2.6168, time 446.96ms, mfu 0.85%
iter 1830: loss 2.6059, time 445.76ms, mfu 0.85%
iter 1840: loss 2.5876, time 446.94ms, mfu 0.86%
iter 1850: loss 2.5859, time 448.18ms, mfu 0.86%
iter 1860: loss 2.6311, time 448.25ms, mfu 0.86%
iter 1870: loss 2.5919, time 447.41ms, mfu 0.86%
iter 1880: loss 2.6372, time 447.73ms, mfu 0.86%
iter 1890: loss 2.5741, time 447.15ms, mfu 0.86%
iter 1900: loss 2.6048, time 446.84ms, mfu 0.86%
iter 1910: loss 2.6167, time 447.78ms, mfu 0.86%
iter 1920: loss 2.5715, time 447.83ms, mfu 0.86%
iter 1930: loss 2.6760, time 447.27ms, mfu 0.86%
iter 1940: loss 2.5291, time 448.91ms, mfu 0.86%
iter 1950: loss 2.5838, time 447.17ms, mfu 0.86%
iter 1960: loss 2.5722, time 445.85ms, mfu 0.86%
iter 1970: loss 2.6047, time 445.19ms, mfu 0.86%
iter 1980: loss 2.5362, time 446.70ms, mfu 0.86%
iter 1990: loss 2.5955, time 447.27ms, mfu 0.86%
step 2000: train loss 2.4139, val loss 3.2449
saving checkpoint to ../../runs/seed-sweep/seed-5
iter 2000: loss 2.6291, time 55996.80ms, mfu 0.77%
